00 info ton_language_server_core::service
  language_id: tlb
  message: registered language plugin
  operation: language.register
  replaced: false
01 info ton_language_server_core::service
  language_id: tasm
  message: registered language plugin
  operation: language.register
  replaced: false
02 info ton_language_server_core::service
  language_id: fift
  message: registered language plugin
  operation: language.register
  replaced: false
03 info ton_language_server_core::service
  language_id: tlb
  message: opening document
  operation: document.open
  text_len: 37
  uri: file://<redacted>/logging-snapshot.tlb
  version: 1
04 debug ton_language_server_core::languages::tlb
  incremental: false
  message: parsing TL-B document
  operation: tlb.parse
  text_len: 37
  uri: file://<redacted>/logging-snapshot.tlb
  version: 1
05 debug ton_language_server_core::languages::tlb
  has_error: false
  incremental: false
  message: parsed TL-B document
  operation: tlb.parse
  uri: file://<redacted>/logging-snapshot.tlb
  version: 1
06 trace ton_language_server_core::languages::tlb
  end_byte: 15
  message: indexed TL-B symbol
  name: Old
  operation: tlb.index.symbol
  start_byte: 12
07 trace ton_language_server_core::languages::tlb
  end_byte: 35
  message: indexed TL-B symbol
  name: Wrap
  operation: tlb.index.symbol
  start_byte: 31
08 debug ton_language_server_core::languages::tlb
  declaration_count: 2
  message: rebuilt TL-B symbol index
  operation: tlb.index.rebuilt
  uri: file://<redacted>/logging-snapshot.tlb
  version: 1
09 info ton_language_server_core::service
  incremental: false
  language_id: tlb
  message: document opened
  operation: document.open
  uri: file://<redacted>/logging-snapshot.tlb
  version: 1
10 info ton_language_server_core::service
  edit_count: 2
  incremental: true
  language_id: tlb
  message: editing document
  operation: document.edit
  uri: file://<redacted>/logging-snapshot.tlb
  version: 2
11 trace ton_language_server_core::service
  edit_index: 0
  end_character: 15
  end_line: 0
  message: applying document edit
  new_text_len: 3
  operation: document.edit.apply
  start_character: 12
  start_line: 0
  uri: file://<redacted>/logging-snapshot.tlb
  version: 2
12 trace ton_language_server_core::edit
  end_character: 15
  end_line: 0
  message: built tree-sitter input edit
  new_end_byte: 15
  new_end_column: 15
  new_end_row: 0
  new_text_len: 3
  old_end_byte: 15
  old_end_column: 15
  old_end_row: 0
  operation: edit.input_edit
  start_byte: 12
  start_character: 12
  start_column: 12
  start_line: 0
  start_row: 0
13 trace ton_language_server_core::service
  edit_index: 1
  end_character: 11
  end_line: 1
  message: applying document edit
  new_text_len: 3
  operation: document.edit.apply
  start_character: 8
  start_line: 1
  uri: file://<redacted>/logging-snapshot.tlb
  version: 2
14 trace ton_language_server_core::edit
  end_character: 11
  end_line: 1
  message: built tree-sitter input edit
  new_end_byte: 28
  new_end_column: 11
  new_end_row: 1
  new_text_len: 3
  old_end_byte: 28
  old_end_column: 11
  old_end_row: 1
  operation: edit.input_edit
  start_byte: 25
  start_character: 8
  start_column: 8
  start_line: 1
  start_row: 1
15 debug ton_language_server_core::languages::tlb
  incremental: true
  message: parsing TL-B document
  operation: tlb.parse
  text_len: 37
  uri: file://<redacted>/logging-snapshot.tlb
  version: 2
16 debug ton_language_server_core::languages::tlb
  has_error: false
  incremental: true
  message: parsed TL-B document
  operation: tlb.parse
  uri: file://<redacted>/logging-snapshot.tlb
  version: 2
17 trace ton_language_server_core::languages::tlb
  end_byte: 15
  message: indexed TL-B symbol
  name: New
  operation: tlb.index.symbol
  start_byte: 12
18 trace ton_language_server_core::languages::tlb
  end_byte: 35
  message: indexed TL-B symbol
  name: Wrap
  operation: tlb.index.symbol
  start_byte: 31
19 debug ton_language_server_core::languages::tlb
  declaration_count: 2
  message: rebuilt TL-B symbol index
  operation: tlb.index.rebuilt
  uri: file://<redacted>/logging-snapshot.tlb
  version: 2
20 info ton_language_server_core::service
  edit_count: 2
  incremental: true
  language_id: tlb
  message: document edited
  operation: document.edit
  text_len: 37
  uri: file://<redacted>/logging-snapshot.tlb
  version: 2
21 info ton_language_server_core::service
  character: 8
  language_id: tlb
  line: 1
  message: definition requested
  operation: definition
  uri: file://<redacted>/logging-snapshot.tlb
  version: 2
22 trace ton_language_server_core::languages::tlb
  character: 8
  line: 1
  message: looking up TL-B reference
  operation: tlb.reference.lookup
  uri: file://<redacted>/logging-snapshot.tlb
  version: 2
23 trace ton_language_server_core::languages::tlb
  character: 8
  found_node: true
  line: 1
  message: found TL-B node at position
  node_kind: type_identifier
  operation: tlb.reference.lookup
  uri: file://<redacted>/logging-snapshot.tlb
  version: 2
24 trace ton_language_server_core::languages::tlb
  end_byte: 15
  kind: declaration
  message: found TL-B declaration candidate
  name: New
  operation: tlb.reference.candidate
  start_byte: 12
25 trace ton_language_server_core::languages::tlb
  message: resolved TL-B reference
  name: New
  operation: tlb.reference.resolve
  result_count: 1
26 debug ton_language_server_core::languages::tlb
  character: 8
  line: 1
  message: resolved TL-B definition
  operation: tlb.definition.resolve
  result_count: 1
  uri: file://<redacted>/logging-snapshot.tlb
  version: 2
27 info ton_language_server_core::service
  character: 8
  language_id: tlb
  line: 1
  message: definition completed
  operation: definition
  result_count: 1
  uri: file://<redacted>/logging-snapshot.tlb
  version: 2
